'011'
'10'
''
'a'
'b'
'z'
''
''
''
''
''
''
''
''
