'011'
'10'
''
'a'
'b'
'z'
''
''
''
''
''
''
''
''
'qqqqqqqb'
'qqqqqqqb1'
