Transducer 'function1' not found!
Transducer 'function1' not found!
Transducer 'function2' not found!
Transducer 'mirror' not found!
Transducer 'mirror' not found!
Transducer 'mirror' not found!
''
''
''
''
